// Jest Snapshot v1, https://goo.gl/fbAQLP

exports[`renders Error correctly 1`] = `
<DocumentFragment>
  <div
    class="flex justify-center items-center h-full py-8"
  >
    <div
      class="bg-red-100 border border-red-400 text-red-700 px-4 py-3 rounded relative max-w-md mx-auto"
    >
      <strong
        class="font-bold"
      >
        Error!
      </strong>
      <span
        class="block sm:inline ml-2"
      >
        An error occurred!
      </span>
    </div>
  </div>
</DocumentFragment>
`;
