// Jest Snapshot v1, https://goo.gl/fbAQLP

exports[`renders Loading component correctly 1`] = `
<DocumentFragment>
  <div
    class="flex justify-center items-center h-full py-8"
  >
    <div
      class="loader ease-linear rounded-full border-4 border-t-4 border-gray-200 h-12 w-12"
    />
    <p
      class="ml-4 text-gray-600"
    >
      Loading...
    </p>
  </div>
</DocumentFragment>
`;
